main.c:106:1:__io_putchar	16	static
main.c:118:5:main	104	static
main.c:213:6:SystemClock_Config	232	static
main.c:277:13:MX_ADC1_Init	24	static
main.c:352:13:MX_CAN1_Init	8	static
main.c:389:13:MX_I2C1_Init	8	static
main.c:435:13:MX_TIM1_Init	56	static
main.c:486:13:MX_TIM2_Init	48	static
main.c:535:13:MX_TIM3_Init	56	static
main.c:584:13:MX_TIM4_Init	56	static
main.c:633:13:MX_USART3_UART_Init	8	static
main.c:668:13:MX_USART6_UART_Init	8	static
main.c:701:13:MX_DMA_Init	16	static
main.c:726:13:MX_GPIO_Init	64	static
main.c:823:6:StartDefaultTask	112	static
main.c:852:6:StartSensorTask	16	static
main.c:870:6:StartControllerTask	16	static
main.c:889:6:HAL_TIM_PeriodElapsedCallback	16	static
main.c:906:6:Error_Handler	4	static,ignoring_inline_asm
