main.c:104:1:__io_putchar	16	static
main.c:116:5:main	104	static
main.c:212:6:SystemClock_Config	232	static
main.c:276:13:MX_ADC1_Init	24	static
main.c:351:13:MX_CAN1_Init	8	static
main.c:388:13:MX_I2C1_Init	8	static
main.c:434:13:MX_TIM1_Init	56	static
main.c:485:13:MX_TIM2_Init	48	static
main.c:534:13:MX_TIM3_Init	56	static
main.c:583:13:MX_TIM4_Init	56	static
main.c:632:13:MX_USART3_UART_Init	8	static
main.c:667:13:MX_USART6_UART_Init	8	static
main.c:700:13:MX_DMA_Init	16	static
main.c:725:13:MX_GPIO_Init	64	static
main.c:822:6:StartDefaultTask	16	static
main.c:842:6:StartSensorTask	16	static
main.c:860:6:StartControllerTask	16	static
main.c:879:6:HAL_TIM_PeriodElapsedCallback	16	static
main.c:896:6:Error_Handler	4	static,ignoring_inline_asm
